// Jest Snapshot v1, https://goo.gl/fbAQLP

exports[`should render correctly 1`] = `
<div
  className="tag"
  onClick={[Function]}
  onKeyDown={[Function]}
  role="button"
  tabIndex={-1}
>
  <span>
    Hello World
  </span>
</div>
`;
